# Tests adding nodes to a graph in reverse alphabetical order by node name and printing the
# nodes out in alphabetical order.

# Create a graph
created graph graph1

# Add a node to the graph
added node n to graph1
# Add a node to the graph
added node m to graph1

# Print the nodes in the graph
graph1 contains: m n