# Tests that a single node can be added to a graph.

# Create a graph
created graph graph1

# Add a node to the graph
added node n1 to graph1

# Print the nodes in the graph
graph1 contains: n1

# Print the outgoing edges from n1
the children of n1 in graph1 are: