# Test the parser on a file that contains two heros in the same book

# Load a graph from tsv file that contains two heros in the same book
loaded graph twoHerosSameBook

# Print the heros in the graph
twoHerosSameBook contains: hero1 hero2

# Print the outgoing edges from hero1
the children of hero1 in twoHerosSameBook are: hero2(book1)
# Print the outgoing edges from hero2
the children of hero2 in twoHerosSameBook are: hero1(book1)