# Test the Find Path from a node to itself and the node is not in the graph

# Load a graph from tsv file that contains two heros in same book and one hero in a
# different book.
loaded graph graph1

# Find shortest path from hero4 to hero4
unknown character hero4
unknown character hero4